<Role u'deployer'>